
> mediamatic-studio-next@1.0.0 build
> next build

  Γû▓ Next.js 14.2.15

   Creating an optimized production build ...
 Γ£ô Compiled successfully
   Linting and checking validity of types ...
   Collecting page data ...
   Generating static pages (0/57) ...
   Generating static pages (14/57) 
   Generating static pages (28/57) 
   Generating static pages (42/57) 
 Γ£ô Generating static pages (57/57)
   Finalizing page optimization ...
   Collecting build traces ...

Route (app)                                  Size     First Load JS
Γöî Γùï /                                        5.84 kB         234 kB
Γö£ Γùï /_not-found                              142 B          87.3 kB
Γö£ Γùï /about-us                                366 B           219 kB
Γö£ Γùï /blog                                    4.71 kB         113 kB
Γö£ ╞Æ /blog/ [slug]                            166 B           170 kB
Γö£ ╞Æ /blog/[slug]                             165 B           170 kB
Γö£ Γùï /contact-us                              143 B           108 kB
Γö£ Γùï /get-quote                               143 B           108 kB
Γö£ Γùï /podcast-recording-studio-in-Coimbatore  9.21 kB         214 kB
Γö£ Γùï /search-engine-marketing-company         8.96 kB         221 kB
Γö£ Γùï /search-engine-optimization-company      10.2 kB         222 kB
Γö£ Γùï /services                                3.88 kB         142 kB
Γö£ ΓùÅ /services/[serviceSlug]/[subSlug]        2.5 kB         96.3 kB
Γö£   Γö£ /services/digital-marketing/seo
Γö£   Γö£ /services/digital-marketing/smm
Γö£   Γö£ /services/digital-marketing/sem
Γö£   Γöö [+33 more paths]
Γö£ Γùï /services/animation                      3.95 kB         173 kB
Γö£ Γùï /services/contentmanagement              3.76 kB         173 kB
Γö£ Γùï /services/designing                      3.64 kB         173 kB
Γö£ Γùï /services/digital-marketing-agency       6.93 kB         263 kB
Γö£ Γùï /services/webhosting                     3.99 kB         136 kB
Γö£ Γùï /services/website-development-agency     3.77 kB         173 kB
Γö£ Γùï /social-media-marketing-company          9.79 kB         221 kB
Γöö Γùï /social-media-optimization-company       7.34 kB         219 kB
+ First Load JS shared by all                87.1 kB
  Γö£ chunks/2117-785b229552b6bbc6.js          31.5 kB
  Γö£ chunks/fd9d1056-49ca10390c3ba909.js      53.6 kB
  Γöö other shared chunks (total)              1.98 kB


Γùï  (Static)   prerendered as static content
ΓùÅ  (SSG)      prerendered as static HTML (uses getStaticProps)
╞Æ  (Dynamic)  server-rendered on demand

